---
source: src/calibration_sentinel.rs
expression: json_output
---
{
  "report_id": "rpt-ef37a38ec41827b3",
  "epoch": 42,
  "cells": [
    {
      "cell_id": "cell-green-1",
      "supremacy_domain": "latency",
      "sentinels": [
        {
          "sentinel_id": "g1",
          "kind": "error_bound",
          "threshold_millionths": 500000,
          "current_value_millionths": 100000,
          "state": "green",
          "content_hash": [
            100,
            175,
            100,
            253,
            157,
            23,
            40,
            121,
            223,
            81,
            138,
            238,
            119,
            152,
            180,
            150,
            116,
            74,
            35,
            186,
            182,
            245,
            198,
            190,
            223,
            151,
            203,
            7,
            137,
            39,
            88,
            116
          ]
        },
        {
          "sentinel_id": "g2",
          "kind": "coverage",
          "threshold_millionths": 800000,
          "current_value_millionths": 1000000,
          "state": "green",
          "content_hash": [
            196,
            221,
            189,
            51,
            83,
            237,
            165,
            115,
            34,
            130,
            46,
            167,
            61,
            125,
            34,
            226,
            11,
            48,
            129,
            66,
            185,
            210,
            140,
            105,
            156,
            215,
            43,
            127,
            155,
            120,
            195,
            89
          ]
        }
      ],
      "promotion_rule": "fail_closed",
      "overall_state": "green"
    },
    {
      "cell_id": "cell-yellow-1",
      "supremacy_domain": "throughput",
      "sentinels": [
        {
          "sentinel_id": "y1",
          "kind": "error_bound",
          "threshold_millionths": 1000000,
          "current_value_millionths": 850000,
          "state": "yellow",
          "content_hash": [
            77,
            235,
            213,
            152,
            187,
            207,
            161,
            98,
            142,
            90,
            37,
            10,
            218,
            37,
            112,
            114,
            53,
            46,
            178,
            202,
            24,
            189,
            93,
            145,
            102,
            93,
            25,
            3,
            202,
            20,
            242,
            218
          ]
        },
        {
          "sentinel_id": "y2",
          "kind": "coverage",
          "threshold_millionths": 800000,
          "current_value_millionths": 1000000,
          "state": "green",
          "content_hash": [
            173,
            168,
            151,
            177,
            103,
            216,
            161,
            33,
            29,
            142,
            58,
            6,
            7,
            50,
            97,
            222,
            114,
            151,
            189,
            37,
            96,
            202,
            121,
            134,
            165,
            200,
            32,
            159,
            81,
            177,
            86,
            90
          ]
        }
      ],
      "promotion_rule": "require_calibration",
      "overall_state": "yellow"
    },
    {
      "cell_id": "cell-red-1",
      "supremacy_domain": "memory",
      "sentinels": [
        {
          "sentinel_id": "r1",
          "kind": "error_bound",
          "threshold_millionths": 100000,
          "current_value_millionths": 200000,
          "state": "red",
          "content_hash": [
            126,
            163,
            81,
            172,
            123,
            208,
            89,
            2,
            128,
            228,
            190,
            112,
            137,
            145,
            13,
            69,
            68,
            132,
            185,
            172,
            133,
            235,
            107,
            218,
            72,
            171,
            59,
            31,
            235,
            24,
            1,
            149
          ]
        },
        {
          "sentinel_id": "r2",
          "kind": "coverage",
          "threshold_millionths": 800000,
          "current_value_millionths": 1000000,
          "state": "green",
          "content_hash": [
            189,
            193,
            14,
            148,
            223,
            143,
            94,
            111,
            140,
            82,
            41,
            123,
            78,
            115,
            1,
            68,
            14,
            72,
            216,
            0,
            216,
            226,
            27,
            63,
            94,
            117,
            102,
            94,
            249,
            100,
            170,
            187
          ]
        }
      ],
      "promotion_rule": "fail_closed",
      "overall_state": "red"
    },
    {
      "cell_id": "cell-green-2",
      "supremacy_domain": "cpu",
      "sentinels": [
        {
          "sentinel_id": "g1",
          "kind": "error_bound",
          "threshold_millionths": 500000,
          "current_value_millionths": 100000,
          "state": "green",
          "content_hash": [
            100,
            175,
            100,
            253,
            157,
            23,
            40,
            121,
            223,
            81,
            138,
            238,
            119,
            152,
            180,
            150,
            116,
            74,
            35,
            186,
            182,
            245,
            198,
            190,
            223,
            151,
            203,
            7,
            137,
            39,
            88,
            116
          ]
        },
        {
          "sentinel_id": "g2",
          "kind": "coverage",
          "threshold_millionths": 800000,
          "current_value_millionths": 1000000,
          "state": "green",
          "content_hash": [
            196,
            221,
            189,
            51,
            83,
            237,
            165,
            115,
            34,
            130,
            46,
            167,
            61,
            125,
            34,
            226,
            11,
            48,
            129,
            66,
            185,
            210,
            140,
            105,
            156,
            215,
            43,
            127,
            155,
            120,
            195,
            89
          ]
        }
      ],
      "promotion_rule": "fail_closed",
      "overall_state": "green"
    }
  ],
  "decisions": [
    {
      "decision_id": "dec-a69a0da703fad99c",
      "cell_id": "cell-green-1",
      "rule": "fail_closed",
      "allowed": true,
      "suppression_reasons": [],
      "content_hash": [
        19,
        89,
        1,
        198,
        240,
        96,
        225,
        239,
        187,
        199,
        214,
        174,
        33,
        61,
        154,
        82,
        252,
        183,
        191,
        16,
        57,
        15,
        224,
        74,
        139,
        45,
        7,
        78,
        173,
        115,
        47,
        190
      ]
    },
    {
      "decision_id": "dec-2db6035180d3f6db",
      "cell_id": "cell-yellow-1",
      "rule": "require_calibration",
      "allowed": true,
      "suppression_reasons": [
        "sentinel y1 (error_bound) is yellow (value=850000, threshold=1000000)"
      ],
      "content_hash": [
        159,
        183,
        109,
        100,
        246,
        213,
        115,
        71,
        33,
        114,
        158,
        116,
        38,
        152,
        153,
        230,
        107,
        125,
        130,
        170,
        173,
        82,
        229,
        121,
        133,
        83,
        240,
        208,
        111,
        106,
        67,
        29
      ]
    },
    {
      "decision_id": "dec-18b4d54662cb687f",
      "cell_id": "cell-red-1",
      "rule": "fail_closed",
      "allowed": false,
      "suppression_reasons": [
        "sentinel r1 (error_bound) is red (value=200000, threshold=100000)"
      ],
      "content_hash": [
        131,
        225,
        147,
        121,
        250,
        151,
        45,
        37,
        120,
        72,
        58,
        215,
        66,
        201,
        66,
        216,
        113,
        9,
        164,
        204,
        194,
        85,
        229,
        185,
        3,
        13,
        189,
        87,
        140,
        19,
        217,
        158
      ]
    },
    {
      "decision_id": "dec-8fd16cc6f657e13b",
      "cell_id": "cell-green-2",
      "rule": "fail_closed",
      "allowed": true,
      "suppression_reasons": [],
      "content_hash": [
        208,
        186,
        79,
        225,
        215,
        201,
        40,
        130,
        178,
        80,
        25,
        233,
        106,
        211,
        243,
        232,
        39,
        31,
        155,
        134,
        5,
        14,
        1,
        126,
        186,
        55,
        222,
        3,
        163,
        168,
        22,
        152
      ]
    }
  ],
  "green_count": 2,
  "red_count": 1,
  "content_hash": [
    187,
    100,
    93,
    72,
    147,
    134,
    99,
    132,
    29,
    80,
    81,
    77,
    160,
    149,
    171,
    162,
    93,
    229,
    39,
    127,
    101,
    246,
    6,
    23,
    131,
    246,
    129,
    79,
    149,
    9,
    96,
    44
  ]
}
