---
source: tests/deterministic_serde_golden.rs
expression: actual
---
{
  "value": {
    "Map": {
      "k99": {
        "Map": {
          "k98": {
            "Map": {
              "k97": {
                "Map": {
                  "k96": {
                    "Map": {
                      "k95": {
                        "Map": {
                          "k94": {
                            "Map": {
                              "k93": {
                                "Map": {
                                  "k92": {
                                    "Map": {
                                      "k91": {
                                        "Map": {
                                          "k90": {
                                            "Map": {
                                              "k89": {
                                                "Map": {
                                                  "k88": {
                                                    "Map": {
                                                      "k87": {
                                                        "Map": {
                                                          "k86": {
                                                            "Map": {
                                                              "k85": {
                                                                "Map": {
                                                                  "k84": {
                                                                    "Map": {
                                                                      "k83": {
                                                                        "Map": {
                                                                          "k82": {
                                                                            "Map": {
                                                                              "k81": {
                                                                                "Map": {
                                                                                  "k80": {
                                                                                    "Map": {
                                                                                      "k79": {
                                                                                        "Map": {
                                                                                          "k78": {
                                                                                            "Map": {
                                                                                              "k77": {
                                                                                                "Map": {
                                                                                                  "k76": {
                                                                                                    "Map": {
                                                                                                      "k75": {
                                                                                                        "Map": {
                                                                                                          "k74": {
                                                                                                            "Map": {
                                                                                                              "k73": {
                                                                                                                "Map": {
                                                                                                                  "k72": {
                                                                                                                    "Map": {
                                                                                                                      "k71": {
                                                                                                                        "Map": {
                                                                                                                          "k70": {
                                                                                                                            "Map": {
                                                                                                                              "k69": {
                                                                                                                                "Map": {
                                                                                                                                  "k68": {
                                                                                                                                    "Map": {
                                                                                                                                      "k67": {
                                                                                                                                        "Map": {
                                                                                                                                          "k66": {
                                                                                                                                            "Map": {
                                                                                                                                              "k65": {
                                                                                                                                                "Map": {
                                                                                                                                                  "k64": {
                                                                                                                                                    "Map": {
                                                                                                                                                      "k63": {
                                                                                                                                                        "Map": {
                                                                                                                                                          "k62": {
                                                                                                                                                            "Map": {
                                                                                                                                                              "k61": {
                                                                                                                                                                "Map": {
                                                                                                                                                                  "k60": {
                                                                                                                                                                    "Map": {
                                                                                                                                                                      "k59": {
                                                                                                                                                                        "Map": {
                                                                                                                                                                          "k58": {
                                                                                                                                                                            "Map": {
                                                                                                                                                                              "k57": {
                                                                                                                                                                                "Map": {
                                                                                                                                                                                  "k56": {
                                                                                                                                                                                    "Map": {
                                                                                                                                                                                      "k55": {
                                                                                                                                                                                        "Map": {
                                                                                                                                                                                          "k54": {
                                                                                                                                                                                            "Map": {
                                                                                                                                                                                              "k53": {
                                                                                                                                                                                                "Map": {
                                                                                                                                                                                                  "k52": {
                                                                                                                                                                                                    "Map": {
                                                                                                                                                                                                      "k51": {
                                                                                                                                                                                                        "Map": {
                                                                                                                                                                                                          "k50": {
                                                                                                                                                                                                            "Map": {
                                                                                                                                                                                                              "k49": {
                                                                                                                                                                                                                "Map": {
                                                                                                                                                                                                                  "k48": {
                                                                                                                                                                                                                    "Map": {
                                                                                                                                                                                                                      "k47": {
                                                                                                                                                                                                                        "Map": {
                                                                                                                                                                                                                          "k46": {
                                                                                                                                                                                                                            "Map": {
                                                                                                                                                                                                                              "k45": {
                                                                                                                                                                                                                                "Map": {
                                                                                                                                                                                                                                  "k44": {
                                                                                                                                                                                                                                    "Map": {
                                                                                                                                                                                                                                      "k43": {
                                                                                                                                                                                                                                        "Map": {
                                                                                                                                                                                                                                          "k42": {
                                                                                                                                                                                                                                            "Map": {
                                                                                                                                                                                                                                              "k41": {
                                                                                                                                                                                                                                                "Map": {
                                                                                                                                                                                                                                                  "k40": {
                                                                                                                                                                                                                                                    "Map": {
                                                                                                                                                                                                                                                      "k39": {
                                                                                                                                                                                                                                                        "Map": {
                                                                                                                                                                                                                                                          "k38": {
                                                                                                                                                                                                                                                            "Map": {
                                                                                                                                                                                                                                                              "k37": {
                                                                                                                                                                                                                                                                "Map": {
                                                                                                                                                                                                                                                                  "k36": {
                                                                                                                                                                                                                                                                    "Map": {
                                                                                                                                                                                                                                                                      "k35": {
                                                                                                                                                                                                                                                                        "Map": {
                                                                                                                                                                                                                                                                          "k34": {
                                                                                                                                                                                                                                                                            "Map": {
                                                                                                                                                                                                                                                                              "k33": {
                                                                                                                                                                                                                                                                                "Map": {
                                                                                                                                                                                                                                                                                  "k32": {
                                                                                                                                                                                                                                                                                    "Map": {
                                                                                                                                                                                                                                                                                      "k31": {
                                                                                                                                                                                                                                                                                        "Map": {
                                                                                                                                                                                                                                                                                          "k30": {
                                                                                                                                                                                                                                                                                            "Map": {
                                                                                                                                                                                                                                                                                              "k29": {
                                                                                                                                                                                                                                                                                                "Map": {
                                                                                                                                                                                                                                                                                                  "k28": {
                                                                                                                                                                                                                                                                                                    "Map": {
                                                                                                                                                                                                                                                                                                      "k27": {
                                                                                                                                                                                                                                                                                                        "Map": {
                                                                                                                                                                                                                                                                                                          "k26": {
                                                                                                                                                                                                                                                                                                            "Map": {
                                                                                                                                                                                                                                                                                                              "k25": {
                                                                                                                                                                                                                                                                                                                "Map": {
                                                                                                                                                                                                                                                                                                                  "k24": {
                                                                                                                                                                                                                                                                                                                    "Map": {
                                                                                                                                                                                                                                                                                                                      "k23": {
                                                                                                                                                                                                                                                                                                                        "Map": {
                                                                                                                                                                                                                                                                                                                          "k22": {
                                                                                                                                                                                                                                                                                                                            "Map": {
                                                                                                                                                                                                                                                                                                                              "k21": {
                                                                                                                                                                                                                                                                                                                                "Map": {
                                                                                                                                                                                                                                                                                                                                  "k20": {
                                                                                                                                                                                                                                                                                                                                    "Map": {
                                                                                                                                                                                                                                                                                                                                      "k19": {
                                                                                                                                                                                                                                                                                                                                        "Map": {
                                                                                                                                                                                                                                                                                                                                          "k18": {
                                                                                                                                                                                                                                                                                                                                            "Map": {
                                                                                                                                                                                                                                                                                                                                              "k17": {
                                                                                                                                                                                                                                                                                                                                                "Map": {
                                                                                                                                                                                                                                                                                                                                                  "k16": {
                                                                                                                                                                                                                                                                                                                                                    "Map": {
                                                                                                                                                                                                                                                                                                                                                      "k15": {
                                                                                                                                                                                                                                                                                                                                                        "Map": {
                                                                                                                                                                                                                                                                                                                                                          "k14": {
                                                                                                                                                                                                                                                                                                                                                            "Map": {
                                                                                                                                                                                                                                                                                                                                                              "k13": {
                                                                                                                                                                                                                                                                                                                                                                "Map": {
                                                                                                                                                                                                                                                                                                                                                                  "k12": {
                                                                                                                                                                                                                                                                                                                                                                    "Map": {
                                                                                                                                                                                                                                                                                                                                                                      "k11": {
                                                                                                                                                                                                                                                                                                                                                                        "Map": {
                                                                                                                                                                                                                                                                                                                                                                          "k10": {
                                                                                                                                                                                                                                                                                                                                                                            "Map": {
                                                                                                                                                                                                                                                                                                                                                                              "k9": {
                                                                                                                                                                                                                                                                                                                                                                                "Map": {
                                                                                                                                                                                                                                                                                                                                                                                  "k8": {
                                                                                                                                                                                                                                                                                                                                                                                    "Map": {
                                                                                                                                                                                                                                                                                                                                                                                      "k7": {
                                                                                                                                                                                                                                                                                                                                                                                        "Map": {
                                                                                                                                                                                                                                                                                                                                                                                          "k6": {
                                                                                                                                                                                                                                                                                                                                                                                            "Map": {
                                                                                                                                                                                                                                                                                                                                                                                              "k5": {
                                                                                                                                                                                                                                                                                                                                                                                                "Map": {
                                                                                                                                                                                                                                                                                                                                                                                                  "k4": {
                                                                                                                                                                                                                                                                                                                                                                                                    "Map": {
                                                                                                                                                                                                                                                                                                                                                                                                      "k3": {
                                                                                                                                                                                                                                                                                                                                                                                                        "Map": {
                                                                                                                                                                                                                                                                                                                                                                                                          "k2": {
                                                                                                                                                                                                                                                                                                                                                                                                            "Map": {
                                                                                                                                                                                                                                                                                                                                                                                                              "k1": {
                                                                                                                                                                                                                                                                                                                                                                                                                "Map": {
                                                                                                                                                                                                                                                                                                                                                                                                                  "k0": {
                                                                                                                                                                                                                                                                                                                                                                                                                    "String": "leaf"
                                                                                                                                                                                                                                                                                                                                                                                                                  }
                                                                                                                                                                                                                                                                                                                                                                                                                }
                                                                                                                                                                                                                                                                                                                                                                                                              }
                                                                                                                                                                                                                                                                                                                                                                                                            }
                                                                                                                                                                                                                                                                                                                                                                                                          }
                                                                                                                                                                                                                                                                                                                                                                                                        }
                                                                                                                                                                                                                                                                                                                                                                                                      }
                                                                                                                                                                                                                                                                                                                                                                                                    }
                                                                                                                                                                                                                                                                                                                                                                                                  }
                                                                                                                                                                                                                                                                                                                                                                                                }
                                                                                                                                                                                                                                                                                                                                                                                              }
                                                                                                                                                                                                                                                                                                                                                                                            }
                                                                                                                                                                                                                                                                                                                                                                                          }
                                                                                                                                                                                                                                                                                                                                                                                        }
                                                                                                                                                                                                                                                                                                                                                                                      }
                                                                                                                                                                                                                                                                                                                                                                                    }
                                                                                                                                                                                                                                                                                                                                                                                  }
                                                                                                                                                                                                                                                                                                                                                                                }
                                                                                                                                                                                                                                                                                                                                                                              }
                                                                                                                                                                                                                                                                                                                                                                            }
                                                                                                                                                                                                                                                                                                                                                                          }
                                                                                                                                                                                                                                                                                                                                                                        }
                                                                                                                                                                                                                                                                                                                                                                      }
                                                                                                                                                                                                                                                                                                                                                                    }
                                                                                                                                                                                                                                                                                                                                                                  }
                                                                                                                                                                                                                                                                                                                                                                }
                                                                                                                                                                                                                                                                                                                                                              }
                                                                                                                                                                                                                                                                                                                                                            }
                                                                                                                                                                                                                                                                                                                                                          }
                                                                                                                                                                                                                                                                                                                                                        }
                                                                                                                                                                                                                                                                                                                                                      }
                                                                                                                                                                                                                                                                                                                                                    }
                                                                                                                                                                                                                                                                                                                                                  }
                                                                                                                                                                                                                                                                                                                                                }
                                                                                                                                                                                                                                                                                                                                              }
                                                                                                                                                                                                                                                                                                                                            }
                                                                                                                                                                                                                                                                                                                                          }
                                                                                                                                                                                                                                                                                                                                        }
                                                                                                                                                                                                                                                                                                                                      }
                                                                                                                                                                                                                                                                                                                                    }
                                                                                                                                                                                                                                                                                                                                  }
                                                                                                                                                                                                                                                                                                                                }
                                                                                                                                                                                                                                                                                                                              }
                                                                                                                                                                                                                                                                                                                            }
                                                                                                                                                                                                                                                                                                                          }
                                                                                                                                                                                                                                                                                                                        }
                                                                                                                                                                                                                                                                                                                      }
                                                                                                                                                                                                                                                                                                                    }
                                                                                                                                                                                                                                                                                                                  }
                                                                                                                                                                                                                                                                                                                }
                                                                                                                                                                                                                                                                                                              }
                                                                                                                                                                                                                                                                                                            }
                                                                                                                                                                                                                                                                                                          }
                                                                                                                                                                                                                                                                                                        }
                                                                                                                                                                                                                                                                                                      }
                                                                                                                                                                                                                                                                                                    }
                                                                                                                                                                                                                                                                                                  }
                                                                                                                                                                                                                                                                                                }
                                                                                                                                                                                                                                                                                              }
                                                                                                                                                                                                                                                                                            }
                                                                                                                                                                                                                                                                                          }
                                                                                                                                                                                                                                                                                        }
                                                                                                                                                                                                                                                                                      }
                                                                                                                                                                                                                                                                                    }
                                                                                                                                                                                                                                                                                  }
                                                                                                                                                                                                                                                                                }
                                                                                                                                                                                                                                                                              }
                                                                                                                                                                                                                                                                            }
                                                                                                                                                                                                                                                                          }
                                                                                                                                                                                                                                                                        }
                                                                                                                                                                                                                                                                      }
                                                                                                                                                                                                                                                                    }
                                                                                                                                                                                                                                                                  }
                                                                                                                                                                                                                                                                }
                                                                                                                                                                                                                                                              }
                                                                                                                                                                                                                                                            }
                                                                                                                                                                                                                                                          }
                                                                                                                                                                                                                                                        }
                                                                                                                                                                                                                                                      }
                                                                                                                                                                                                                                                    }
                                                                                                                                                                                                                                                  }
                                                                                                                                                                                                                                                }
                                                                                                                                                                                                                                              }
                                                                                                                                                                                                                                            }
                                                                                                                                                                                                                                          }
                                                                                                                                                                                                                                        }
                                                                                                                                                                                                                                      }
                                                                                                                                                                                                                                    }
                                                                                                                                                                                                                                  }
                                                                                                                                                                                                                                }
                                                                                                                                                                                                                              }
                                                                                                                                                                                                                            }
                                                                                                                                                                                                                          }
                                                                                                                                                                                                                        }
                                                                                                                                                                                                                      }
                                                                                                                                                                                                                    }
                                                                                                                                                                                                                  }
                                                                                                                                                                                                                }
                                                                                                                                                                                                              }
                                                                                                                                                                                                            }
                                                                                                                                                                                                          }
                                                                                                                                                                                                        }
                                                                                                                                                                                                      }
                                                                                                                                                                                                    }
                                                                                                                                                                                                  }
                                                                                                                                                                                                }
                                                                                                                                                                                              }
                                                                                                                                                                                            }
                                                                                                                                                                                          }
                                                                                                                                                                                        }
                                                                                                                                                                                      }
                                                                                                                                                                                    }
                                                                                                                                                                                  }
                                                                                                                                                                                }
                                                                                                                                                                              }
                                                                                                                                                                            }
                                                                                                                                                                          }
                                                                                                                                                                        }
                                                                                                                                                                      }
                                                                                                                                                                    }
                                                                                                                                                                  }
                                                                                                                                                                }
                                                                                                                                                              }
                                                                                                                                                            }
                                                                                                                                                          }
                                                                                                                                                        }
                                                                                                                                                      }
                                                                                                                                                    }
                                                                                                                                                  }
                                                                                                                                                }
                                                                                                                                              }
                                                                                                                                            }
                                                                                                                                          }
                                                                                                                                        }
                                                                                                                                      }
                                                                                                                                    }
                                                                                                                                  }
                                                                                                                                }
                                                                                                                              }
                                                                                                                            }
                                                                                                                          }
                                                                                                                        }
                                                                                                                      }
                                                                                                                    }
                                                                                                                  }
                                                                                                                }
                                                                                                              }
                                                                                                            }
                                                                                                          }
                                                                                                        }
                                                                                                      }
                                                                                                    }
                                                                                                  }
                                                                                                }
                                                                                              }
                                                                                            }
                                                                                          }
                                                                                        }
                                                                                      }
                                                                                    }
                                                                                  }
                                                                                }
                                                                              }
                                                                            }
                                                                          }
                                                                        }
                                                                      }
                                                                    }
                                                                  }
                                                                }
                                                              }
                                                            }
                                                          }
                                                        }
                                                      }
                                                    }
                                                  }
                                                }
                                              }
                                            }
                                          }
                                        }
                                      }
                                    }
                                  }
                                }
                              }
                            }
                          }
                        }
                      }
                    }
                  }
                }
              }
            }
          }
        }
      }
    }
  },
  "expected_sha256_hex": "56675ea4fd6f46870fba9475429ba71a9aac81adbb28d271c67f0e4d6b282494"
}
