---
source: crates/franken-engine/tests/perf_h2_lazy_seed_integration.rs
expression: "serde_json::to_string_pretty(&normalized).expect(\"normalized output must serialize\")"
---
{
  "schema_version": "franken-engine.frankenctl.run.v2",
  "extension_id": "perf-h2-lazy-seed-fixture",
  "trace_id": "frankenctl-run:0",
  "decision_id": "frankenctl-run:decision:0",
  "policy_id": "default-policy",
  "parse_goal": "script",
  "source_ingestion": {
    "source_language": "javascript",
    "normalization_applied": false,
    "original_source_hash": "sha256:e3b17893103ab6e4bb54a0ce7f2291d582988996e97228bf5db025b4189f9b06",
    "normalized_source_hash": "sha256:e3b17893103ab6e4bb54a0ce7f2291d582988996e97228bf5db025b4189f9b06",
    "ts_decision_count": 0,
    "ts_capability_intent_count": 0
  },
  "lane": "baseline_deterministic_profile",
  "lane_reason": "default_deterministic_profile",
  "containment_action": "challenge",
  "execution_value": "60",
  "expected_loss_millionths": 3158477,
  "instructions_executed": 73,
  "evidence_entries": 1,
  "evidence_chain_instance_id": "[FRESH_AUTHORITY_ID]",
  "evidence_ledger_id": "[FRESH_AUTHORITY_ID]",
  "evidence_chain_head": "[FRESH_AUTHORITY_HASH]",
  "evidence_chain_artifact": "[FRESH_AUTHORITY_CHAIN]",
  "ir4_witness_hash": "b2c424126b6cd35f8b204dc485924795fa45c35987e1ad5705c35cb088838908",
  "ir4_witness": {
    "header": {
      "schema_version": {
        "major": 0,
        "minor": 14,
        "patch": 0
      },
      "level": "Ir4",
      "source_hash": [
        176,
        63,
        252,
        215,
        240,
        159,
        75,
        207,
        41,
        61,
        10,
        211,
        34,
        181,
        71,
        104,
        169,
        33,
        107,
        213,
        180,
        0,
        129,
        110,
        147,
        108,
        181,
        75,
        228,
        6,
        195,
        111
      ],
      "source_label": "ext:perf-h2-lazy-seed-fixture"
    },
    "executed_ir3_hash": [
      176,
      63,
      252,
      215,
      240,
      159,
      75,
      207,
      41,
      61,
      10,
      211,
      34,
      181,
      71,
      104,
      169,
      33,
      107,
      213,
      180,
      0,
      129,
      110,
      147,
      108,
      181,
      75,
      228,
      6,
      195,
      111
    ],
    "outcome": "Completed",
    "events": [
      {
        "seq": 0,
        "kind": "ExecutionCompleted",
        "instruction_index": 56,
        "payload_hash": [
          227,
          176,
          196,
          66,
          152,
          252,
          28,
          20,
          154,
          251,
          244,
          200,
          153,
          111,
          185,
          36,
          39,
          174,
          65,
          228,
          100,
          155,
          147,
          76,
          164,
          149,
          153,
          27,
          120,
          82,
          184,
          85
        ],
        "timestamp_tick": 73
      }
    ],
    "hostcall_decisions": [],
    "instructions_executed": 73,
    "duration_ticks": 73,
    "active_specialization_ids": []
  },
  "console_output": [],
  "observability_mode": {
    "mode_id": "default_capture",
    "capture_semantics": "default_mixed_capture",
    "lossless": false
  }
}
