{
  "schema_version": "franken-engine.rch-compile-proof-isolation-profile.v1",
  "case_id": "narrow_integration_test",
  "source_revision": "fixture-revision",
  "decision": "pass",
  "command": {
    "text": "rch exec -- env CARGO_INCREMENTAL=0 cargo test -p frankenengine-engine --test zero_placeholder_scan zero_placeholder_inventory_runtime_findings_are_present -- --nocapture",
    "class": "cargo_test",
    "package": "frankenengine-engine",
    "target": "zero_placeholder_scan"
  },
  "classification": {
    "compile_surface": "exact_integration_test",
    "broadness": "narrow",
    "target_relevance": "target_relevant",
    "proof_strength": "strong",
    "allowed_fallback": "rerun_exact_rch"
  },
  "target_context": {
    "changed_paths": [
      "crates/franken-engine/tests/zero_placeholder_scan.rs"
    ],
    "target_hints": [
      "crates/franken-engine/tests/zero_placeholder_scan.rs",
      "crates/franken-engine/tests/zero_placeholder_scan.rs"
    ]
  },
  "validation_recommendation": {
    "kind": "exact_integration_test",
    "command_text": "rch exec -- env CARGO_INCREMENTAL=0 cargo test -p frankenengine-engine --test zero_placeholder_scan zero_placeholder_inventory_runtime_findings_are_present -- --nocapture",
    "rationale": "exact integration test covers the changed target without compiling unrelated lib-test surfaces",
    "desired_tests": [],
    "blocking_diagnostics": [],
    "rust_validation_uses_rch": true
  },
  "evidence_health": {
    "local_fallback_observed": false,
    "transcript_truncated": false,
    "missing_command_metadata": false,
    "fail_closed_reasons": []
  },
  "recommendations": [
    "profile_is_suitable_for_manual_review"
  ],
  "artifact_paths": {
    "compile_proof_isolation_profile_json": "[CASE_ROOT]/out/compile_proof_isolation_profile.json",
    "run_manifest_json": "[CASE_ROOT]/out/run_manifest.json",
    "events_jsonl": "[CASE_ROOT]/out/events.jsonl",
    "commands_txt": "[CASE_ROOT]/out/commands.txt",
    "report_md": "[CASE_ROOT]/out/report.md"
  },
  "input_artifacts": {
    "metadata_json": "[CASE_ROOT]/input/metadata.json",
    "changed_paths_json": "[CASE_ROOT]/input/changed_paths.json"
  },
  "contract_paths": {
    "profile_contract_json": "docs/rch_compile_proof_isolation_profile_contract_v1.json",
    "operator_doc": "docs/RCH_COMPILE_PROOF_ISOLATION_PROFILE.md"
  },
  "non_mutation_attestation": {
    "runs_cargo": false,
    "runs_rch": false,
    "creates_beads": false,
    "mutates_br": false,
    "sends_agent_mail": false,
    "changes_workers": false
  }
}
