{
  "schema_version": "franken-engine.swarm-lease-exchange-cancellation-salvage-simulation.v1",
  "source_revision": "smoke",
  "decision": "advisory",
  "exit_code": 0,
  "summary": {
    "request_count": 1,
    "lease_exchange_candidate_count": 1,
    "salvage_promotion_candidate_count": 0,
    "manual_review_count": 0,
    "ownership_fail_closed_count": 0,
    "top_recommendation_request_id": "req-1",
    "top_recommendation_action": "simulate_lease_exchange"
  },
  "input_status": {
    "stale_lock_recommendations_json": "provided",
    "admission_budget_plan_json": "provided",
    "resource_lease_plan_json": "provided",
    "remote_proof_gc_guard_json": "provided",
    "archive_pressure_scoreboard_json": "provided",
    "reservation_snapshot_json": "provided",
    "agent_profiles_json": "provided"
  },
  "upstream_summary": {
    "budget_profile": "degraded",
    "lease_decision": "defer",
    "lease_reason": "target dir already leased by another worker",
    "gc_guard_decision": "cool_only",
    "gc_guard_recommended_action": "cool_without_gc",
    "archive_pressure_advisory": "compaction_first",
    "archive_pressure_action": "compact_before_eviction",
    "salvage_workflow_state": "clean_finished"
  },
  "recommendations": [
    {
      "request_id": "req-1",
      "bead_id": "bd-sim-1",
      "agent_id": "AgentRequester",
      "bead_priority": 2,
      "priority_class": "P2",
      "current_admission_decision": "admit_narrow",
      "current_reasons": [
        "resource_lease_restricted"
      ],
      "ownership_status": "stale_reclaimable",
      "ownership_evidence": {
        "status": "stale_reclaimable",
        "assignee": "AgentStale",
        "holder_candidates": [
          "AgentStale"
        ],
        "reason_codes": [
          "safe_to_reopen"
        ]
      },
      "simulated_action": "simulate_lease_exchange",
      "bottleneck_relief_score_millionths": 950000,
      "fairness_impact_score_millionths": 800000,
      "artifact_preservation_score_millionths": 700000,
      "coordination_risk_score_millionths": 300000,
      "overall_score_millionths": 832500,
      "counterfactual": {
        "simulated_exchange": true,
        "expected_residency": "focus_existing_worker_or_target_dir",
        "expected_next_step": "prepare coordination packet and focused proof retry",
        "salvage_outcome": "unchanged"
      },
      "simulated_effects": {
        "lease_exchange_candidate": true,
        "salvage_promotion_candidate": false,
        "archive_salvage_pinned": false
      }
    }
  ],
  "simulation_id": "[SIMULATION_ID]",
  "hash_basis": {
    "input_hash": "[INPUT_HASH]",
    "simulation_hash": "[SIMULATION_HASH]"
  },
  "truth_constraints": [
    "report_only",
    "no_br_update",
    "no_reservation_release",
    "no_process_kill"
  ],
  "upstream_artifact_paths": {
    "stale_lock_recommendations_json": "[CASE_ROOT]/stale.json",
    "admission_budget_plan_json": "[CASE_ROOT]/admission.json",
    "resource_lease_plan_json": "[CASE_ROOT]/lease.json",
    "remote_proof_gc_guard_json": "[CASE_ROOT]/gc_guard.json",
    "archive_pressure_scoreboard_json": "[CASE_ROOT]/pressure.json",
    "reservation_snapshot_json": "[CASE_ROOT]/reservations.json",
    "agent_profiles_json": "[CASE_ROOT]/profiles.json"
  },
  "artifact_paths": {
    "lease_exchange_cancellation_salvage_simulation_json": "[CASE_ROOT]/out/lease_exchange_cancellation_salvage_simulation.json",
    "events_jsonl": "[CASE_ROOT]/out/events.jsonl",
    "commands_txt": "[CASE_ROOT]/out/commands.txt",
    "report_md": "[CASE_ROOT]/out/report.md"
  }
}
