{
  "schema_version": "franken-engine.swarm-operator-status-report.v1",
  "bead_id": "bd-jw854",
  "source_revision": "smoke-rev",
  "status": "degraded",
  "tui_ready": true,
  "dashboard_contract": {
    "schema_version": "franken-engine.swarm-predictive-dashboard.v1",
    "contract_doc": "docs/SWARM_PREDICTIVE_DASHBOARD_CONTRACT.md",
    "contract_json": "docs/swarm_predictive_dashboard_contract_v1.json",
    "renderer": {
      "provider": "/dp/frankentui",
      "shipped_in_franken_engine": false,
      "local_renderer": false
    }
  },
  "summary": {
    "ready_count": 1,
    "in_progress_count": 1,
    "reservation_count": 1,
    "degraded_count": 10,
    "planned_command_count": 0,
    "predictive_cost_command_count": 0,
    "high_cost_command_count": 0,
    "proof_cost_budget_count": 0,
    "stale_evidence_count": 1,
    "dirty_reserved_count": 1,
    "blocked_bead_count": 1,
    "collision_risk": "none",
    "rch_incident_count": 1
  },
  "services": {
    "agent_mail": "missing",
    "rch": "missing",
    "proof_evidence_index": "missing"
  },
  "ready_beads": [
    {
      "id": "bd-4kwo8",
      "title": "Dark matter board receipts",
      "priority": 1,
      "status": "open",
      "assignee": null
    }
  ],
  "in_progress_beads": [
    {
      "id": "bd-0ub12",
      "title": "Semantic dark matter scoring",
      "priority": 1,
      "status": "in_progress",
      "assignee": "CyanOak"
    }
  ],
  "bv_tracks": [
    {
      "track_id": "track-A",
      "items": [
        {
          "id": "bd-blocked",
          "title": "Blocked dependent bead",
          "priority": 1,
          "status": "blocked"
        }
      ]
    }
  ],
  "active_reservations": [
    {
      "path": "crates/franken-engine/src/semantic_dark_matter_engine.rs",
      "holder": "CyanOak",
      "exclusive": true
    }
  ],
  "resource_decision": {
    "decision": "defer",
    "findings": [
      {
        "signal": "active_compile_count",
        "decision": "defer"
      }
    ]
  },
  "validation_plan": {
    "decision": "fail_closed",
    "collision_risk": "none",
    "risk_flags": [],
    "commands": [],
    "omitted_commands": [
      {
        "kind": "unknown_path_mapping",
        "path": "unknown/path.rs"
      }
    ],
    "proof_cost_budgets": [],
    "conflicting_agents": [],
    "safe_alternatives": []
  },
  "proof_evidence_index": {
    "queries": []
  },
  "proof_outcomes": [
    {
      "bead_id": "bd-0ub12",
      "artifact_id": "semantic-proof",
      "status": "blocked"
    }
  ],
  "stale_evidence": [
    {
      "artifact_id": "old-proof",
      "stale": true,
      "age_hours": 72
    }
  ],
  "dirty_files": [
    {
      "path": "crates/franken-engine/src/semantic_dark_matter_engine.rs",
      "reserved": true,
      "overlaps_ready": true
    }
  ],
  "predictive_dashboard": {
    "schema_version": "franken-engine.swarm-predictive-dashboard.v1",
    "renderer_contract": {
      "provider": "/dp/frankentui",
      "shipped_in_franken_engine": false,
      "local_renderer": false
    },
    "predictive_cost": {
      "status": "nominal",
      "commands": [],
      "high_risk_commands": [],
      "proof_cost_budgets": []
    },
    "collision_risk": {
      "risk": "none",
      "conflicting_agents": [],
      "safe_alternatives": [],
      "reservation_recommendations": [],
      "conflicts": {
        "reservations": [],
        "dirty": [],
        "in_progress": []
      }
    },
    "proof_freshness": {
      "state": "fresh",
      "reusable": true,
      "artifact_id": "proof-current",
      "artifact_path": null,
      "reason": "proof artifact is reusable",
      "recommended_next_action": "Reuse the proof artifact.",
      "covered_paths": [
        "crates/franken-engine/src/semantic_dark_matter_engine.rs"
      ],
      "changed_paths": []
    },
    "rch_incidents": {
      "status": "degraded",
      "incidents": [
        {
          "incident_id": "rch-incident-smoke",
          "status": "fail",
          "failure_kind": "worker_timeout",
          "retry_safety": "safe_after_narrowing_or_timeout_adjustment",
          "classification_confidence": "high",
          "worker_id": "worker-smoke",
          "command": "rch exec -- cargo test -p frankenengine-engine --test smoke",
          "target_dir": "/tmp/rch_target_smoke",
          "recommended_next_action": "Retry only after narrowing the command."
        }
      ]
    },
    "fixture_contract": {
      "golden_cases": [
        "healthy",
        "degraded",
        "stale_proof",
        "high_cost",
        "collision_risk"
      ],
      "intended_renderer_repo": "/dp/frankentui",
      "local_tui_renderer": false
    }
  },
  "degraded": [
    {
      "component": "agent_mail",
      "status": "missing",
      "impact": "reservation and inbox data may be incomplete",
      "remediation": "Use bead assignee and dirty paths as degraded fallback evidence."
    },
    {
      "component": "rch",
      "status": "missing",
      "impact": "remote proof routing may be unavailable",
      "remediation": "Defer heavy validation until rch status is ok or use script-only proof."
    },
    {
      "component": "proof_evidence_index",
      "status": "missing",
      "impact": "proof queries may be incomplete",
      "remediation": "Use explicit proof outcome snapshots until bd-p03vs lands."
    },
    {
      "component": "validation_plan",
      "status": "fail_closed",
      "impact": "planned validation cannot run safely",
      "remediation": "Fix unknown path mappings or ownership before running validation."
    },
    {
      "component": "resource_governor",
      "status": "defer",
      "impact": "resource admission is not green",
      "remediation": "Follow resource-governor remediation before starting heavy validation."
    },
    {
      "component": "dirty_reserved_file",
      "status": "degraded",
      "impact": "crates/franken-engine/src/semantic_dark_matter_engine.rs is dirty or reserved",
      "remediation": "Avoid this file or coordinate with the holder."
    },
    {
      "component": "stale_proof_artifact",
      "status": "degraded",
      "impact": "old-proof is stale",
      "remediation": "Refresh or mark the proof stale before relying on it."
    },
    {
      "component": "proof_outcome",
      "status": "blocked",
      "impact": "bd-0ub12 proof is not passing",
      "remediation": "Inspect the proof outcome before recommending dependent work."
    },
    {
      "component": "blocked_bead_chain",
      "status": "blocked",
      "impact": "bd-blocked is blocked in the bv track",
      "remediation": "Inspect dependencies before recommending this bead."
    },
    {
      "component": "rch_incident_packet",
      "status": "worker_timeout",
      "impact": "rch proof execution has an incident packet",
      "remediation": "Retry only after narrowing the command."
    }
  ],
  "recommendations": [
    {
      "action": "avoid_dirty_reserved_files",
      "bead_id": null,
      "reason": "dirty or reserved files overlap active work"
    }
  ]
}
