{
  "schema_version": "franken-engine.swarm-operator-status-report.v1",
  "bead_id": "bd-jw854",
  "source_revision": "smoke-rev",
  "status": "degraded",
  "tui_ready": true,
  "dashboard_contract": {
    "schema_version": "franken-engine.swarm-predictive-dashboard.v1",
    "contract_doc": "docs/SWARM_PREDICTIVE_DASHBOARD_CONTRACT.md",
    "contract_json": "docs/swarm_predictive_dashboard_contract_v1.json",
    "renderer": {
      "provider": "/dp/frankentui",
      "shipped_in_franken_engine": false,
      "local_renderer": false
    }
  },
  "summary": {
    "ready_count": 1,
    "in_progress_count": 1,
    "reservation_count": 1,
    "degraded_count": 28,
    "planned_command_count": 0,
    "predictive_cost_command_count": 0,
    "high_cost_command_count": 0,
    "proof_cost_budget_count": 0,
    "stale_evidence_count": 1,
    "dirty_reserved_count": 1,
    "blocked_bead_count": 1,
    "collision_risk": "none",
    "rch_incident_count": 1,
    "resource_lease_decision": "missing",
    "proof_cache_decision": "missing",
    "qos_batch_decision": "missing",
    "qos_admitted_count": 0,
    "qos_deferred_count": 0,
    "stale_lock_safe_to_reopen_count": 0,
    "stale_lock_contact_first_count": 0,
    "forecast_overall_state": "unknown",
    "forecast_confidence_band": "low",
    "telemetry_missing_input_count": 0,
    "admission_budget_profile": "unknown",
    "admission_deferred_count": 0,
    "resource_envelope_readiness": "degraded",
    "resource_envelope_decision": "missing",
    "resource_envelope_severity": "warning",
    "fair_share_decision": "missing",
    "fair_share_admitted_count": 0,
    "fair_share_deferred_count": 0,
    "fair_share_heavy_admitted_count": 0,
    "topology_placement_readiness": "degraded",
    "topology_placement_plan_decision": "missing",
    "topology_placement_receipt_decision": "missing",
    "topology_placement_topology_class": "missing",
    "topology_placement_warm_cache_state": "missing",
    "topology_placement_warm_cache_opportunity_count": 0,
    "topology_placement_adoption_status": "missing",
    "topology_placement_drift_reason_count": 0,
    "lease_exchange_decision": "missing",
    "lease_exchange_candidate_count": 0,
    "salvage_promotion_candidate_count": 0,
    "prefetch_advisory": "missing",
    "prefetch_target_dir": null,
    "starvation_rescue_plan_decision": "missing",
    "starvation_rescue_escalation_band": "unknown",
    "starvation_rescue_top_action": null,
    "starvation_rescue_unresolved_risk_count": 0,
    "checkpoint_restore_plan_decision": "missing",
    "checkpoint_restore_escalation_band": "unknown",
    "checkpoint_restore_top_action": null,
    "checkpoint_restore_unresolved_risk_count": 0,
    "execution_queue_decision": "missing",
    "execution_queue_conservative_mode": false,
    "execution_queue_restore_dependency_state": "restore_unknown",
    "execution_queue_top_start_count": 0,
    "execution_queue_deferred_count": 0,
    "execution_queue_bottleneck_count": 0,
    "queue_fidelity_trust_level": "missing",
    "queue_fidelity_drift_class": "none",
    "queue_fidelity_highest_mismatch": "none",
    "queue_tuning_plan_class": "missing",
    "queue_tuning_top_recommendation": "none",
    "queue_tuning_promotion_readiness": "missing",
    "queue_tuning_promotion_decision": "missing",
    "queue_tuning_rollback_verdict": "missing",
    "queue_tuning_canary_action": "missing",
    "queue_tuning_manual_blocker_count": 0,
    "queue_tuning_evidence_link_count": 0,
    "queue_policy_adoption_readiness": "missing",
    "queue_policy_adoption_state": "missing",
    "queue_policy_sustained_gain_verdict": "missing",
    "queue_policy_expiry_decision": "missing",
    "queue_policy_expiry_required": false,
    "queue_policy_supersession_required": false,
    "causal_trace_readiness": "degraded",
    "causal_trace_decision": "missing",
    "causal_trace_anomaly_count": 0,
    "causal_trace_missing_edge_count": 4,
    "staged_contamination_decision": "missing",
    "staged_contamination_offender_count": 0
  },
  "services": {
    "agent_mail": "missing",
    "rch": "missing",
    "proof_evidence_index": "missing"
  },
  "ready_beads": [
    {
      "id": "bd-4kwo8",
      "title": "Dark matter board receipts",
      "priority": 1,
      "status": "open",
      "assignee": null
    }
  ],
  "in_progress_beads": [
    {
      "id": "bd-0ub12",
      "title": "Semantic dark matter scoring",
      "priority": 1,
      "status": "in_progress",
      "assignee": "CyanOak"
    }
  ],
  "bv_tracks": [
    {
      "track_id": "track-A",
      "items": [
        {
          "id": "bd-blocked",
          "title": "Blocked dependent bead",
          "priority": 1,
          "status": "blocked"
        }
      ]
    }
  ],
  "active_reservations": [
    {
      "path": "crates/franken-engine/src/semantic_dark_matter_engine.rs",
      "holder": "CyanOak",
      "exclusive": true
    }
  ],
  "resource_decision": {
    "decision": "defer",
    "findings": [
      {
        "signal": "active_compile_count",
        "decision": "defer"
      }
    ]
  },
  "validation_plan": {
    "decision": "fail_closed",
    "collision_risk": "none",
    "risk_flags": [],
    "commands": [],
    "omitted_commands": [
      {
        "kind": "unknown_path_mapping",
        "path": "unknown/path.rs"
      }
    ],
    "proof_cost_budgets": [],
    "conflicting_agents": [],
    "safe_alternatives": []
  },
  "proof_evidence_index": {
    "queries": []
  },
  "proof_outcomes": [
    {
      "bead_id": "bd-0ub12",
      "artifact_id": "semantic-proof",
      "status": "blocked"
    }
  ],
  "stale_evidence": [
    {
      "artifact_id": "old-proof",
      "stale": true,
      "age_hours": 72
    }
  ],
  "dirty_files": [
    {
      "path": "crates/franken-engine/src/semantic_dark_matter_engine.rs",
      "reserved": true,
      "overlaps_ready": true
    }
  ],
  "predictive_dashboard": {
    "schema_version": "franken-engine.swarm-predictive-dashboard.v1",
    "renderer_contract": {
      "provider": "/dp/frankentui",
      "shipped_in_franken_engine": false,
      "local_renderer": false
    },
    "predictive_cost": {
      "status": "nominal",
      "commands": [],
      "high_risk_commands": [],
      "proof_cost_budgets": []
    },
    "collision_risk": {
      "risk": "none",
      "conflicting_agents": [],
      "safe_alternatives": [],
      "reservation_recommendations": [],
      "conflicts": {
        "reservations": [],
        "dirty": [],
        "in_progress": []
      }
    },
    "proof_freshness": {
      "state": "fresh",
      "reusable": true,
      "artifact_id": "proof-current",
      "artifact_path": null,
      "reason": "proof artifact is reusable",
      "recommended_next_action": "Reuse the proof artifact.",
      "covered_paths": [
        "crates/franken-engine/src/semantic_dark_matter_engine.rs"
      ],
      "changed_paths": []
    },
    "rch_incidents": {
      "status": "degraded",
      "incidents": [
        {
          "incident_id": "rch-incident-smoke",
          "status": "fail",
          "failure_kind": "worker_timeout",
          "retry_safety": "safe_after_narrowing_or_timeout_adjustment",
          "classification_confidence": "high",
          "worker_id": "worker-smoke",
          "command": "rch exec -- env CARGO_TARGET_DIR=/tmp/rch_target_smoke cargo test -p frankenengine-engine --test smoke",
          "target_dir": "/tmp/rch_target_smoke",
          "recommended_next_action": "Retry only after narrowing the command."
        }
      ]
    },
    "resource_leases": {
      "artifact_status": "missing",
      "severity": "warning",
      "lease_decision": "missing",
      "reason": "No resource lease plan was provided.",
      "agent_id": null,
      "bead_id": null,
      "requested_command": null,
      "target_dir": null,
      "assigned_worker": null,
      "safe_alternatives": [],
      "findings": [],
      "actionable_commands": [
        "./scripts/swarm_resource_lease_planner.sh --agent-id <agent-id> --bead-id <bead-id> --requested-command <command> --target-dir <target-dir>"
      ]
    },
    "proof_cache": {
      "artifact_status": "missing",
      "severity": "warning",
      "proof_cache_decision": "missing",
      "reason": "No proof cache plan was provided.",
      "cache_hit_count": 0,
      "refresh_count": 0,
      "invalid_count": 0,
      "cache_hit_artifacts": [],
      "required_refreshes": [],
      "invalid_artifacts": [],
      "invalidated_paths": [],
      "refresh_commands": [],
      "actionable_commands": [
        "./scripts/proof_reuse_cache_planner.sh --proof-index-json <proof-index.json> --freshness-report <freshness.json>"
      ]
    },
    "qos_batches": {
      "artifact_status": "missing",
      "severity": "warning",
      "batch_id": null,
      "batch_decision": "missing",
      "fairness_reason": "No build-storm QoS batch plan was provided.",
      "max_parallel_heavy": null,
      "retry_after_seconds": 0,
      "admitted_count": 0,
      "deferred_count": 0,
      "admitted_commands": [],
      "deferred_commands": [],
      "actionable_commands": [
        "./scripts/build_storm_qos_batch_planner.sh --pending-requests-json <pending.json> --resource-lease-plans-json <leases.json> --proof-cost-history-json <costs.json> --rch-workers-json <workers.json>"
      ]
    },
    "stale_lock_recommendations": {
      "artifact_status": "missing",
      "severity": "warning",
      "recommendation_count": 0,
      "safe_to_reopen_count": 0,
      "contact_first_count": 0,
      "safe_to_reopen": [],
      "contact_first": [],
      "recommendations": [],
      "actionable_commands": [
        "./scripts/stale_lock_stalled_bead_recommender.sh --in-progress-json <in-progress.json>"
      ]
    },
    "telemetry_quality": {
      "artifact_status": "missing",
      "severity": "warning",
      "decision": "unknown",
      "confidence_band": "low",
      "input_count": 0,
      "provided_input_count": 0,
      "missing_input_count": 0,
      "failure_count": 0,
      "inputs": [],
      "notes": [],
      "recommended_action": "Refresh stale or missing telemetry artifacts before trusting the predictive dashboard.",
      "artifact_path": null
    },
    "capacity_forecast": {
      "artifact_status": "missing",
      "severity": "warning",
      "decision": "missing",
      "confidence_band": "low",
      "overall_state": "unknown",
      "blocked_categories": [],
      "degraded_categories": [],
      "category_states": {
        "compile_pressure": "unknown",
        "disk_memory_pressure": "unknown",
        "rch_degradation": "unknown",
        "target_dir_heat": "unknown",
        "proof_availability": "unknown",
        "coordination_pressure": "unknown"
      },
      "recommended_actions": {
        "compile_pressure": null,
        "disk_memory_pressure": null,
        "rch_degradation": null,
        "target_dir_heat": null,
        "proof_availability": null,
        "coordination_pressure": null
      },
      "artifact_path": null
    },
    "admission_budgets": {
      "artifact_status": "missing",
      "severity": "warning",
      "decision": "missing",
      "budget_profile": "unknown",
      "admitted_count": 0,
      "deferred_count": 0,
      "protected_request_count": 0,
      "proof_obligation_count": 0,
      "recommendations": [],
      "artifact_path": null
    },
    "swarm_resource_envelope": {
      "artifact_statuses": {
        "resource_envelope": "missing",
        "fair_share_batch_plan": "missing"
      },
      "readiness": "degraded",
      "severity": "warning",
      "decision": "missing",
      "fair_share_decision": "missing",
      "host_id": null,
      "capacity_budget": {
        "script_lane_limit": 0,
        "proof_lane_limit": 0,
        "build_lane_limit": 0,
        "remote_rch_slot_limit": 0,
        "memory_bytes_budget": 0,
        "target_dir_bytes_budget": 0,
        "defer_reasons": []
      },
      "capacity": {
        "script_lane_limit": 0,
        "proof_lane_limit": 0,
        "build_lane_limit": 0,
        "remote_rch_slot_limit": 0,
        "memory_bytes_budget": 0,
        "target_dir_bytes_budget": 0,
        "rch_slots_available": 0,
        "target_dir_min_available_bytes": 0
      },
      "fair_share": {
        "requested_count": 0,
        "admitted_count": 0,
        "deferred_count": 0,
        "heavy_admitted_count": 0,
        "rch_slots_used": 0,
        "fairness_rationale": []
      },
      "contaminating_classes": [],
      "degraded_reason_count": 0,
      "blocked_reason_count": 0,
      "fail_closed_reason_count": 0,
      "artifact_paths": {
        "resource_envelope_json": "",
        "fair_share_batch_plan_json": ""
      }
    },
    "swarm_topology_placement": {
      "artifact_statuses": {
        "placement_plan": "missing",
        "placement_receipt": "missing",
        "evidence_ledger": "missing"
      },
      "readiness": "degraded",
      "severity": "warning",
      "plan_decision": "missing",
      "receipt_decision": "missing",
      "ledger_decision": "missing",
      "placement_readiness": "missing",
      "recommended_topology_class": "missing",
      "recommended_worker_targets": [],
      "recommended_worker_target_count": 0,
      "recommended_worker_ids": [],
      "heavy_target_count": 0,
      "latency_sensitive_target_count": 0,
      "warm_cache_residency_state": "missing",
      "warm_cache_opportunities": [],
      "warm_cache_opportunity_count": 0,
      "shard_hints": [],
      "adoption_status": "missing",
      "adoption_drift_reason_codes": [],
      "adoption_history": [],
      "expiry": {},
      "warnings": [],
      "fail_closed_reason_count": 0,
      "blocked_reason_count": 0,
      "degraded_reason_count": 0,
      "ledger_summary": {
        "receipt_count": 0,
        "adopted_count": 0,
        "drifted_count": 0,
        "expired_count": 0,
        "blocked_count": 0,
        "fail_closed_count": 0
      },
      "mutation_policy": {
        "advisory_only": true,
        "mutates_br": false,
        "mutates_remote_workers": false,
        "changes_live_queue_policy": false,
        "pins_workers_automatically": false,
        "enforces_placement_automatically": false
      },
      "artifact_paths": {
        "placement_plan_json": "",
        "placement_receipt_json": "",
        "placement_evidence_ledger_json": ""
      }
    },
    "lease_exchange_salvage": {
      "artifact_status": "missing",
      "severity": "warning",
      "decision": "missing",
      "manual_review_count": 0,
      "lease_exchange_candidate_count": 0,
      "salvage_promotion_candidate_count": 0,
      "archive_pressure_advisory": "unknown",
      "salvage_workflow_state": "unknown",
      "recommendations": [],
      "artifact_path": null
    },
    "prefetch_roi": {
      "artifact_status": "missing",
      "severity": "warning",
      "advisory": "missing",
      "recommended_action": "Provide a warm-target prefetch ROI advisory before claiming prefetch value.",
      "reason": "No warm-target prefetch ROI advisory was provided.",
      "budget_profile": "unknown",
      "target_dir": null,
      "proof_cache_decision": "unknown",
      "archive_pressure_advisory": "unknown",
      "estimated_cpu_slots_total": 0,
      "expected_reuse_score": 0,
      "realized_reuse_score": 0,
      "reuse_delta": 0,
      "artifact_path": null
    },
    "starvation_rescue": {
      "artifact_status": "missing",
      "conformance_artifact_status": "missing",
      "severity": "warning",
      "plan_decision": "missing",
      "conformance_decision": "missing",
      "scenario_class": "unknown",
      "top_recommendation_action": null,
      "recommendation_count": 0,
      "escalation_band": "unknown",
      "recommended_ordering": [],
      "unresolved_risks": [],
      "artifact_path": null,
      "conformance_artifact_path": null
    },
    "checkpoint_restore": {
      "artifact_status": "missing",
      "plan_artifact_status": "missing",
      "conformance_artifact_status": "missing",
      "severity": "warning",
      "checkpoint_id": "missing",
      "checkpoint_capture_decision": "missing",
      "restore_readiness_hint": "unknown",
      "plan_decision": "missing",
      "conformance_decision": "missing",
      "drift_class": "unknown",
      "checkpoint_age_seconds": null,
      "top_restore_action": null,
      "gate_failure_count": 0,
      "escalation_band": "unknown",
      "unresolved_risks": [],
      "checked_artifact_path_count": 0,
      "artifact_path": null,
      "plan_artifact_path": null,
      "conformance_artifact_path": null
    },
    "execution_queue_advisory": {
      "artifact_status": "missing",
      "risk_budget_artifact_status": "missing",
      "bottleneck_artifact_status": "missing",
      "run_manifest_artifact_status": "missing",
      "severity": "warning",
      "decision": "missing",
      "conservative_mode": false,
      "queue_depth": 0,
      "top_recommended_starts": [],
      "deferred_items": [],
      "bottlenecks": [],
      "bottleneck_count": 0,
      "critical_bottleneck_count": 0,
      "risk_budget": {
        "remaining_millionths": 0,
        "consumed_millionths": 0,
        "conservative_threshold_millionths": 200000
      },
      "artifact_hash_hex": null,
      "normalized_input_hash_hex": null,
      "proof_lane_rationale": "Provide execution queue runner artifacts before trusting queue advisory output.",
      "restore_dependency_state": "restore_unknown",
      "restore_dependency_detail": "Checkpoint restore handoff artifacts are missing; queue advice is advisory only.",
      "queue_artifact_path": null,
      "risk_budget_artifact_path": null,
      "bottleneck_report_artifact_path": null,
      "run_manifest_artifact_path": null
    },
    "queue_fidelity": {
      "artifact_status": "missing",
      "drift_ledger_artifact_status": "missing",
      "counterfactual_backtest_artifact_status": "missing",
      "tuning_plan_artifact_status": "missing",
      "frontier_artifact_status": "missing",
      "severity": "warning",
      "trust_level": "missing",
      "decision": "missing",
      "overall_fidelity_millionths": 0,
      "confidence_band": "unknown",
      "drift_class": "none",
      "highest_severity_mismatch": null,
      "mismatch_count": 0,
      "row_count": 0,
      "fail_closed_reason_count": 0,
      "tuning_plan_decision": "missing",
      "tuning_plan_class": "missing",
      "top_tuning_recommendation": null,
      "frontier": [],
      "operator_notes": [
        "No queue tuning plan was provided."
      ],
      "mutation_policy": {
        "advisory_only": true,
        "changes_active_queue": false,
        "applies_live_retuning": false
      },
      "artifact_paths": {
        "fidelity_score_receipt_json": null,
        "drift_ledger_json": null,
        "counterfactual_backtest_report_json": null,
        "tuning_plan_json": null,
        "frontier_json": null
      }
    },
    "queue_tuning_promotion": {
      "artifact_statuses": {
        "bundle": "missing",
        "promotion_guard_receipt": "missing",
        "rollout_plan": "missing",
        "rollback_comparator_receipt": "missing",
        "canary_verdict_ledger": "missing"
      },
      "severity": "warning",
      "readiness": "missing",
      "bundle_id": null,
      "candidate_id": null,
      "candidate_delta_millionths": null,
      "bundle_decision": "missing",
      "promotion_decision": "missing",
      "rollout_decision": "missing",
      "rollback_verdict": "missing",
      "canary_verdict": "missing",
      "canary_recommended_action": "missing",
      "manual_approval_required": true,
      "manual_approval_blocker_count": 0,
      "evidence_link_count": 0,
      "rollback_trigger_count": 0,
      "top_stop_condition": null,
      "reject_reasons": [],
      "rollback_triggers": [],
      "mutation_policy": {
        "advisory_only": true,
        "changes_active_queue": false,
        "applies_live_retuning": false
      },
      "artifact_paths": {
        "bundle_json": null,
        "promotion_guard_receipt_json": null,
        "rollout_plan_json": null,
        "rollback_comparator_receipt_json": null,
        "canary_verdict_ledger_json": null
      }
    },
    "queue_policy_adoption": {
      "artifact_statuses": {
        "adoption_receipt": "missing",
        "adoption_snapshot_bundle": "missing",
        "sustained_gain_receipt": "missing",
        "expiry_supersession_plan": "missing",
        "expiry_supersession_ledger": "missing"
      },
      "severity": "warning",
      "readiness": "missing",
      "adoption_receipt_id": null,
      "adoption_state": "missing",
      "adopted_policy_bundle_id": null,
      "adopted_candidate_id": null,
      "adopted_expected_delta_millionths": null,
      "observation_window": {},
      "supersession_metadata": {},
      "sustained_gain_verdict": "missing",
      "sustained_gain_receipt_id": null,
      "rollback_relevant_drift_count": 0,
      "expiry_decision": "missing",
      "expiry_required": false,
      "supersession_required": false,
      "newer_candidate_bundle_id": null,
      "newer_candidate_id": null,
      "execution_state": "missing",
      "retirement_executed": false,
      "supersession_executed": false,
      "decision_reasons": [],
      "fail_closed_reasons": [],
      "ledger_rows": [],
      "mutation_policy": {
        "advisory_only": true,
        "changes_active_queue": false,
        "applies_live_retuning": false,
        "mutates_external_state": false,
        "retirement_executed": false,
        "supersession_executed": false
      },
      "artifact_paths": {
        "adoption_receipt_json": null,
        "adoption_snapshot_bundle_json": null,
        "sustained_gain_receipt_json": null,
        "expiry_supersession_plan_json": null,
        "expiry_supersession_ledger_json": null
      }
    },
    "swarm_agent_causal_trace": {
      "artifact_statuses": {
        "graph": "missing",
        "anomaly_report": "missing"
      },
      "readiness": "degraded",
      "severity": "warning",
      "decision": "missing",
      "trace_id": null,
      "bead_id": null,
      "source_revision": null,
      "bead_status": "unknown",
      "required_edge_types": [
        "bead_claimed",
        "reservation_covers_path",
        "validation_proves_closeout",
        "commit_closes_bead"
      ],
      "present_edge_types": [],
      "missing_required_edges": [
        "bead_claimed",
        "reservation_covers_path",
        "validation_proves_closeout",
        "commit_closes_bead"
      ],
      "edge_counts": {},
      "node_count": 0,
      "edge_count": 0,
      "anomaly_count": 0,
      "fail_closed_count": 0,
      "degraded_count": 0,
      "anomaly_classes": [],
      "contaminating_anomaly_classes": [],
      "top_anomaly": null,
      "mutation_policy": {
        "fixture_fed_only": true,
        "mutates_br": false,
        "reassigns_beads": false,
        "releases_reservations": false,
        "sends_agent_mail": false,
        "queries_live_agent_mail": false,
        "runs_cargo": false,
        "runs_rch": false,
        "mutates_remote_workers": false,
        "changes_live_queue_policy": false,
        "rewrites_historical_outcomes": false,
        "operator_wording_required": "advisory-only"
      },
      "artifact_paths": {
        "causal_graph_json": null,
        "anomaly_report_json": null
      }
    },
    "staged_contamination": {
      "artifact_status": "missing",
      "severity": "warning",
      "decision": "missing",
      "staged_path_count": 0,
      "offender_count": 0,
      "scoped_beads_issue_ids": [],
      "offending_paths": [],
      "findings": [],
      "actionable_commands": [
        "./scripts/staged_ownership_contamination_guard.sh --agent-id <agent-id> --bead-id <bead-id> --allowed-path <path>"
      ]
    },
    "fixture_contract": {
      "golden_cases": [
        "healthy",
        "degraded",
        "stale_proof",
        "high_cost",
        "collision_risk",
        "overloaded",
        "forecast_low_confidence",
        "execution_queue_conservative",
        "execution_queue_restore_blocked",
        "queue_fidelity_high_drift",
        "queue_fidelity_insufficient_evidence",
        "queue_tuning_promotion_blocked",
        "queue_tuning_promotion_stale_evidence",
        "queue_tuning_promotion_rollback_required",
        "queue_policy_adoption_expiry_required",
        "queue_policy_adoption_supersession_required",
        "causal_trace_degraded",
        "causal_trace_contaminated",
        "resource_envelope_healthy",
        "resource_envelope_degraded",
        "resource_envelope_blocked",
        "resource_envelope_contaminated",
        "topology_placement_healthy",
        "topology_placement_drifted",
        "topology_placement_expired",
        "topology_placement_blocked"
      ],
      "intended_renderer_repo": "/dp/frankentui",
      "local_tui_renderer": false
    }
  },
  "degraded": [
    {
      "component": "agent_mail",
      "status": "missing",
      "impact": "reservation and inbox data may be incomplete",
      "remediation": "Use bead assignee and dirty paths as degraded fallback evidence."
    },
    {
      "component": "rch",
      "status": "missing",
      "impact": "remote proof routing may be unavailable",
      "remediation": "Defer heavy validation until rch status is ok or use script-only proof."
    },
    {
      "component": "proof_evidence_index",
      "status": "missing",
      "impact": "proof queries may be incomplete",
      "remediation": "Use explicit proof outcome snapshots until bd-p03vs lands."
    },
    {
      "component": "validation_plan",
      "status": "fail_closed",
      "impact": "planned validation cannot run safely",
      "remediation": "Fix unknown path mappings or ownership before running validation."
    },
    {
      "component": "resource_governor",
      "status": "defer",
      "impact": "resource admission is not green",
      "remediation": "Follow resource-governor remediation before starting heavy validation."
    },
    {
      "component": "dirty_reserved_file",
      "status": "degraded",
      "impact": "crates/franken-engine/src/semantic_dark_matter_engine.rs is dirty or reserved",
      "remediation": "Avoid this file or coordinate with the holder."
    },
    {
      "component": "stale_proof_artifact",
      "status": "degraded",
      "impact": "old-proof is stale",
      "remediation": "Refresh or mark the proof stale before relying on it."
    },
    {
      "component": "proof_outcome",
      "status": "blocked",
      "impact": "bd-0ub12 proof is not passing",
      "remediation": "Inspect the proof outcome before recommending dependent work."
    },
    {
      "component": "blocked_bead_chain",
      "status": "blocked",
      "impact": "bd-blocked is blocked in the bv track",
      "remediation": "Inspect dependencies before recommending this bead."
    },
    {
      "component": "resource_leases",
      "status": "missing",
      "impact": "resource lease admission artifact is missing",
      "remediation": "Provide --resource-lease-plan-json before publishing the operator status feed."
    },
    {
      "component": "proof_cache",
      "status": "missing",
      "impact": "proof reuse cache artifact is missing",
      "remediation": "Provide --proof-cache-plan-json before reusing prior proof artifacts."
    },
    {
      "component": "qos_batches",
      "status": "missing",
      "impact": "build-storm QoS batch artifact is missing",
      "remediation": "Provide --qos-batch-plan-json before publishing admission state."
    },
    {
      "component": "stale_lock_recommendations",
      "status": "missing",
      "impact": "stale-lock recommendation artifact is missing",
      "remediation": "Provide --stale-lock-recommendations-json before reopening stalled beads."
    },
    {
      "component": "staged_contamination",
      "status": "missing",
      "impact": "staged ownership guard artifact is missing",
      "remediation": "Provide --staged-ownership-report-json before commit or closeout."
    },
    {
      "component": "capacity_forecast",
      "status": "missing",
      "impact": "predictive capacity forecast artifact is missing",
      "remediation": "Provide --capacity-forecast-json before publishing forecast confidence."
    },
    {
      "component": "admission_budgets",
      "status": "missing",
      "impact": "admission budget plan artifact is missing",
      "remediation": "Provide --admission-budget-plan-json before summarizing budget posture."
    },
    {
      "component": "swarm_resource_envelope",
      "status": "missing",
      "impact": "resource envelope and fair-share artifacts are missing",
      "remediation": "Provide --swarm-resource-envelope-json and --swarm-fair-share-batch-plan-json before publishing host envelope readiness."
    },
    {
      "component": "swarm_topology_placement",
      "status": "missing",
      "impact": "topology placement plan, receipt, or evidence ledger is missing",
      "remediation": "Provide topology placement planner and receipt ledger artifacts before publishing locality and cache-residency advice."
    },
    {
      "component": "lease_exchange_salvage",
      "status": "missing",
      "impact": "lease-exchange salvage simulation artifact is missing",
      "remediation": "Provide --lease-exchange-salvage-simulation-json before recommending ownership reshuffles."
    },
    {
      "component": "prefetch_roi",
      "status": "missing",
      "impact": "warm-target prefetch ROI advisory artifact is missing",
      "remediation": "Provide --warm-target-prefetch-roi-advisory-json before recommending prefetch."
    },
    {
      "component": "starvation_rescue_handoff",
      "status": "missing",
      "impact": "starvation rescue handoff artifacts are incomplete",
      "remediation": "Provide both --starvation-rescue-plan-json and --starvation-rescue-conformance-report-json before trusting rescue readiness."
    },
    {
      "component": "checkpoint_restore_handoff",
      "status": "missing",
      "impact": "checkpoint restore handoff artifacts are incomplete",
      "remediation": "Provide --checkpoint-bundle-json, --checkpoint-restore-plan-json, and --checkpoint-restore-conformance-report-json before trusting restore readiness."
    },
    {
      "component": "execution_queue_advisory",
      "status": "missing",
      "impact": "execution queue runner artifacts are incomplete",
      "remediation": "Provide queue artifact, risk-budget receipt, bottleneck report, and run manifest before trusting queue advice."
    },
    {
      "component": "queue_fidelity",
      "status": "missing",
      "impact": "queue fidelity and tuning artifacts are incomplete",
      "remediation": "Provide fidelity receipt, drift ledger, counterfactual backtest, tuning plan, and frontier before trusting hindsight tuning advice."
    },
    {
      "component": "queue_tuning_promotion",
      "status": "missing",
      "impact": "queue tuning promotion artifacts are incomplete",
      "remediation": "Provide bundle, promotion guard, rollout plan, rollback comparator, and canary verdict artifacts before trusting promotion advice."
    },
    {
      "component": "queue_policy_adoption",
      "status": "missing",
      "impact": "policy adoption, sustained-gain, or expiry advisory artifacts are incomplete",
      "remediation": "Provide adoption receipt, snapshot, sustained-gain receipt, expiry plan, and expiry ledger before trusting policy lifecycle advice."
    },
    {
      "component": "swarm_agent_causal_trace",
      "status": "degraded",
      "impact": "causal trace evidence is degraded or missing required in-progress edges",
      "remediation": "Review missing causal edges and degraded anomaly classes before trusting the handoff."
    },
    {
      "component": "rch_incident_packet",
      "status": "worker_timeout",
      "impact": "rch proof execution has an incident packet",
      "remediation": "Retry only after narrowing the command."
    }
  ],
  "recommendations": [
    {
      "action": "refresh_resource_envelope",
      "bead_id": null,
      "reason": "resource envelope or fair-share plan is missing or degraded"
    }
  ]
}
