{
  "schema_version": "franken-engine.swarm-control-surface-intent-plan.v1",
  "source_revision": "fixture-rch_stall_validation_blocker",
  "decision": "pass",
  "catalog_json": "[SMOKE_ROOT]/rch_stall_validation_blocker/catalog.json",
  "intent_json": "[SMOKE_ROOT]/rch_stall_validation_blocker/intent.json",
  "operator_constraints": {},
  "recommendations": [
    {
      "surface_id": "swarm_rch_stall_rehabilitation_ledger",
      "score": 15,
      "matched_intent_tags": [
        "rch"
      ],
      "matched_symptom_tags": [
        "rch-stall"
      ],
      "purpose": "RCH stall rehab",
      "implementation_script": "scripts/swarm_rch_stall_rehabilitation_ledger.sh",
      "smoke_script": "scripts/e2e/swarm_rch_stall_rehabilitation_ledger_smoke.sh",
      "contract_json": "docs/swarm_rch_stall_rehabilitation_ledger_contract_v1.json",
      "runbook_doc": "docs/SWARM_RCH_STALL_REHABILITATION_LEDGER.md",
      "owning_bead_id": "bd-7ayfz",
      "required_inputs": [
        "rch_status_json"
      ],
      "emitted_artifacts": [
        "swarm_rch_stall_rehabilitation_ledger.json"
      ],
      "validation_commands": [
        "bash scripts/e2e/swarm_rch_stall_rehabilitation_ledger_smoke.sh check"
      ],
      "mutation_policy": {
        "advisory_only": true,
        "mutates_br": false,
        "runs_cargo": false,
        "runs_rch": false
      },
      "upstream_surface_ids": [],
      "downstream_surface_ids": [],
      "operator_status_section": "swarm_rch_stall_rehabilitation"
    }
  ],
  "advisory_commands": [
    "bash scripts/e2e/swarm_rch_stall_rehabilitation_ledger_smoke.sh check"
  ],
  "artifacts_to_preserve": [
    "swarm_rch_stall_rehabilitation_ledger.json"
  ],
  "blocked_reasons": [],
  "degraded_reasons": [],
  "fail_closed_reasons": [],
  "fail_closed_count": 0,
  "duplicate_new_work_warnings": [
    "A matching catalog surface already exists; extend or relate new work instead of creating an unlinked duplicate."
  ],
  "artifact_paths": {
    "swarm_control_surface_intent_plan_json": "[SMOKE_ROOT]/rch_stall_validation_blocker/out/swarm_control_surface_intent_plan.json",
    "events_jsonl": "[SMOKE_ROOT]/rch_stall_validation_blocker/out/events.jsonl",
    "commands_txt": "[SMOKE_ROOT]/rch_stall_validation_blocker/out/commands.txt",
    "report_md": "[SMOKE_ROOT]/rch_stall_validation_blocker/out/report.md"
  },
  "mutation_policy": {
    "advisory_only": true,
    "proof_only": true,
    "fixture_fed_only": true,
    "mutates_br": false,
    "sends_agent_mail": false,
    "runs_cargo": false,
    "runs_rch": false,
    "changes_live_queue_policy": false
  }
}
