{
  "goal": "Script",
  "body": [
    {
      "Expression": {
        "expression": {
          "NumericLiteral": 42
        },
        "span": {
          "start_offset": "[START_OFFSET]",
          "end_offset": "[END_OFFSET]",
          "start_line": "[START_LINE]",
          "start_column": "[START_COLUMN]",
          "end_line": "[END_LINE]",
          "end_column": "[END_COLUMN]"
        }
      }
    },
    {
      "Expression": {
        "expression": {
          "StringLiteral": "hello"
        },
        "span": {
          "start_offset": "[START_OFFSET]",
          "end_offset": "[END_OFFSET]",
          "start_line": "[START_LINE]",
          "start_column": "[START_COLUMN]",
          "end_line": "[END_LINE]",
          "end_column": "[END_COLUMN]"
        }
      }
    },
    {
      "Expression": {
        "expression": {
          "BooleanLiteral": true
        },
        "span": {
          "start_offset": "[START_OFFSET]",
          "end_offset": "[END_OFFSET]",
          "start_line": "[START_LINE]",
          "start_column": "[START_COLUMN]",
          "end_line": "[END_LINE]",
          "end_column": "[END_COLUMN]"
        }
      }
    },
    {
      "Expression": {
        "expression": {
          "BooleanLiteral": false
        },
        "span": {
          "start_offset": "[START_OFFSET]",
          "end_offset": "[END_OFFSET]",
          "start_line": "[START_LINE]",
          "start_column": "[START_COLUMN]",
          "end_line": "[END_LINE]",
          "end_column": "[END_COLUMN]"
        }
      }
    },
    {
      "Expression": {
        "expression": "NullLiteral",
        "span": {
          "start_offset": "[START_OFFSET]",
          "end_offset": "[END_OFFSET]",
          "start_line": "[START_LINE]",
          "start_column": "[START_COLUMN]",
          "end_line": "[END_LINE]",
          "end_column": "[END_COLUMN]"
        }
      }
    },
    {
      "Expression": {
        "expression": "UndefinedLiteral",
        "span": {
          "start_offset": "[START_OFFSET]",
          "end_offset": "[END_OFFSET]",
          "start_line": "[START_LINE]",
          "start_column": "[START_COLUMN]",
          "end_line": "[END_LINE]",
          "end_column": "[END_COLUMN]"
        }
      }
    }
  ],
  "span": {
    "start_offset": "[START_OFFSET]",
    "end_offset": "[END_OFFSET]",
    "start_line": "[START_LINE]",
    "start_column": "[START_COLUMN]",
    "end_line": "[END_LINE]",
    "end_column": "[END_COLUMN]"
  }
}