{
  "lane_id": "test-lane-42",
  "total_sites_evaluated": 3,
  "sites_approved": 2,
  "sites_denied": 1,
  "sites_rolled_back": 0,
  "estimated_bytes_saved_per_sec": 500000,
  "estimated_allocs_avoided_per_sec": 1250,
  "estimated_gc_cycles_saved_per_min": 45,
  "net_p50_improvement_ns": 50000,
  "net_p99_improvement_ns": 150000,
  "epoch": 42,
  "timestamp_ns": 2000000000000,
  "report_digest": [
    79,
    69,
    20,
    8,
    10,
    123,
    172,
    89,
    158,
    219,
    180,
    173,
    110,
    223,
    240,
    167,
    163,
    216,
    91,
    29,
    45,
    24,
    49,
    143,
    152,
    248,
    254,
    55,
    170,
    67,
    66,
    76
  ]
}
